Archive member included because of file (symbol)

f:/courses/embedded iti/tools/imt_environment/imt_sdk_win_64/imt_sdk_win_64/winavr/bin/../lib/gcc/avr/4.3.3/avr5\libgcc.a(_exit.o)
                              f:/courses/embedded iti/tools/imt_environment/imt_sdk_win_64/imt_sdk_win_64/winavr/bin/../lib/gcc/avr/4.3.3/../../../../avr/lib/avr5/crtm32.o (exit)
f:/courses/embedded iti/tools/imt_environment/imt_sdk_win_64/imt_sdk_win_64/winavr/bin/../lib/gcc/avr/4.3.3/avr5\libgcc.a(_copy_data.o)
                              ./DIO_prg.o (__do_copy_data)
f:/courses/embedded iti/tools/imt_environment/imt_sdk_win_64/imt_sdk_win_64/winavr/bin/../lib/gcc/avr/4.3.3/avr5\libgcc.a(_clear_bss.o)
                              ./TIMER0_prog.o (__do_clear_bss)

Memory Configuration

Name             Origin             Length             Attributes
text             0x00000000         0x00020000         xr
data             0x00800060         0x0000ffa0         rw !x
eeprom           0x00810000         0x00010000         rw !x
fuse             0x00820000         0x00000400         rw !x
lock             0x00830000         0x00000400         rw !x
signature        0x00840000         0x00000400         rw !x
*default*        0x00000000         0xffffffff

Linker script and memory map

LOAD f:/courses/embedded iti/tools/imt_environment/imt_sdk_win_64/imt_sdk_win_64/winavr/bin/../lib/gcc/avr/4.3.3/../../../../avr/lib/avr5/crtm32.o
LOAD ./ADC_prog.o
LOAD ./DIO_prg.o
LOAD ./TIMER0_prog.o
LOAD ./main.o
LOAD f:/courses/embedded iti/tools/imt_environment/imt_sdk_win_64/imt_sdk_win_64/winavr/bin/../lib/gcc/avr/4.3.3/avr5\libgcc.a
LOAD f:/courses/embedded iti/tools/imt_environment/imt_sdk_win_64/imt_sdk_win_64/winavr/bin/../lib/gcc/avr/4.3.3/../../../../avr/lib/avr5\libc.a
LOAD f:/courses/embedded iti/tools/imt_environment/imt_sdk_win_64/imt_sdk_win_64/winavr/bin/../lib/gcc/avr/4.3.3/avr5\libgcc.a

.hash
 *(.hash)

.dynsym
 *(.dynsym)

.dynstr
 *(.dynstr)

.gnu.version
 *(.gnu.version)

.gnu.version_d
 *(.gnu.version_d)

.gnu.version_r
 *(.gnu.version_r)

.rel.init
 *(.rel.init)

.rela.init
 *(.rela.init)

.rel.text
 *(.rel.text)
 *(.rel.text.*)
 *(.rel.gnu.linkonce.t*)

.rela.text
 *(.rela.text)
 *(.rela.text.*)
 *(.rela.gnu.linkonce.t*)

.rel.fini
 *(.rel.fini)

.rela.fini
 *(.rela.fini)

.rel.rodata
 *(.rel.rodata)
 *(.rel.rodata.*)
 *(.rel.gnu.linkonce.r*)

.rela.rodata
 *(.rela.rodata)
 *(.rela.rodata.*)
 *(.rela.gnu.linkonce.r*)

.rel.data
 *(.rel.data)
 *(.rel.data.*)
 *(.rel.gnu.linkonce.d*)

.rela.data
 *(.rela.data)
 *(.rela.data.*)
 *(.rela.gnu.linkonce.d*)

.rel.ctors
 *(.rel.ctors)

.rela.ctors
 *(.rela.ctors)

.rel.dtors
 *(.rel.dtors)

.rela.dtors
 *(.rela.dtors)

.rel.got
 *(.rel.got)

.rela.got
 *(.rela.got)

.rel.bss
 *(.rel.bss)

.rela.bss
 *(.rela.bss)

.rel.plt
 *(.rel.plt)

.rela.plt
 *(.rela.plt)

.text           0x00000000      0xe44
 *(.vectors)
 .vectors       0x00000000       0x54 f:/courses/embedded iti/tools/imt_environment/imt_sdk_win_64/imt_sdk_win_64/winavr/bin/../lib/gcc/avr/4.3.3/../../../../avr/lib/avr5/crtm32.o
                0x00000000                __vectors
                0x00000000                __vector_default
 *(.vectors)
 *(.progmem.gcc*)
 *(.progmem*)
                0x00000054                . = ALIGN (0x2)
                0x00000054                __trampolines_start = .
 *(.trampolines)
 .trampolines   0x00000054        0x0 linker stubs
 *(.trampolines*)
                0x00000054                __trampolines_end = .
 *(.jumptables)
 *(.jumptables*)
 *(.lowtext)
 *(.lowtext*)
                0x00000054                __ctors_start = .
 *(.ctors)
                0x00000054                __ctors_end = .
                0x00000054                __dtors_start = .
 *(.dtors)
                0x00000054                __dtors_end = .
 SORT(*)(.ctors)
 SORT(*)(.dtors)
 *(.init0)
 .init0         0x00000054        0x0 f:/courses/embedded iti/tools/imt_environment/imt_sdk_win_64/imt_sdk_win_64/winavr/bin/../lib/gcc/avr/4.3.3/../../../../avr/lib/avr5/crtm32.o
                0x00000054                __init
 *(.init0)
 *(.init1)
 *(.init1)
 *(.init2)
 .init2         0x00000054        0xc f:/courses/embedded iti/tools/imt_environment/imt_sdk_win_64/imt_sdk_win_64/winavr/bin/../lib/gcc/avr/4.3.3/../../../../avr/lib/avr5/crtm32.o
 *(.init2)
 *(.init3)
 *(.init3)
 *(.init4)
 .init4         0x00000060       0x16 f:/courses/embedded iti/tools/imt_environment/imt_sdk_win_64/imt_sdk_win_64/winavr/bin/../lib/gcc/avr/4.3.3/avr5\libgcc.a(_copy_data.o)
                0x00000060                __do_copy_data
 .init4         0x00000076       0x10 f:/courses/embedded iti/tools/imt_environment/imt_sdk_win_64/imt_sdk_win_64/winavr/bin/../lib/gcc/avr/4.3.3/avr5\libgcc.a(_clear_bss.o)
                0x00000076                __do_clear_bss
 *(.init4)
 *(.init5)
 *(.init5)
 *(.init6)
 *(.init6)
 *(.init7)
 *(.init7)
 *(.init8)
 *(.init8)
 *(.init9)
 .init9         0x00000086        0x8 f:/courses/embedded iti/tools/imt_environment/imt_sdk_win_64/imt_sdk_win_64/winavr/bin/../lib/gcc/avr/4.3.3/../../../../avr/lib/avr5/crtm32.o
 *(.init9)
 *(.text)
 .text          0x0000008e        0x4 f:/courses/embedded iti/tools/imt_environment/imt_sdk_win_64/imt_sdk_win_64/winavr/bin/../lib/gcc/avr/4.3.3/../../../../avr/lib/avr5/crtm32.o
                0x0000008e                __vector_1
                0x0000008e                __vector_12
                0x0000008e                __bad_interrupt
                0x0000008e                __vector_6
                0x0000008e                __vector_3
                0x0000008e                __vector_13
                0x0000008e                __vector_17
                0x0000008e                __vector_19
                0x0000008e                __vector_7
                0x0000008e                __vector_5
                0x0000008e                __vector_4
                0x0000008e                __vector_9
                0x0000008e                __vector_2
                0x0000008e                __vector_15
                0x0000008e                __vector_8
                0x0000008e                __vector_14
                0x0000008e                __vector_16
                0x0000008e                __vector_18
                0x0000008e                __vector_20
 .text          0x00000092        0x0 ./ADC_prog.o
 .text          0x00000092        0x0 ./DIO_prg.o
 .text          0x00000092        0x0 ./TIMER0_prog.o
 .text          0x00000092        0x0 ./main.o
 .text          0x00000092        0x0 f:/courses/embedded iti/tools/imt_environment/imt_sdk_win_64/imt_sdk_win_64/winavr/bin/../lib/gcc/avr/4.3.3/avr5\libgcc.a(_exit.o)
 .text          0x00000092        0x0 f:/courses/embedded iti/tools/imt_environment/imt_sdk_win_64/imt_sdk_win_64/winavr/bin/../lib/gcc/avr/4.3.3/avr5\libgcc.a(_copy_data.o)
 .text          0x00000092        0x0 f:/courses/embedded iti/tools/imt_environment/imt_sdk_win_64/imt_sdk_win_64/winavr/bin/../lib/gcc/avr/4.3.3/avr5\libgcc.a(_clear_bss.o)
                0x00000092                . = ALIGN (0x2)
 *(.text.*)
 .text.ADC_vidInit
                0x00000092       0x54 ./ADC_prog.o
                0x00000092                ADC_vidInit
 .text.ADC_u8Read
                0x000000e6       0x70 ./ADC_prog.o
                0x000000e6                ADC_u8Read
 .text.DIO_enuInt
                0x00000156       0x32 ./DIO_prg.o
                0x00000156                DIO_enuInt
 .text.DIO_enuSetPinValue
                0x00000188      0x1c0 ./DIO_prg.o
                0x00000188                DIO_enuSetPinValue
 .text.DIO_enuGetPinValue
                0x00000348       0xfe ./DIO_prg.o
                0x00000348                DIO_enuGetPinValue
 .text.DIO_enuSetPinDirection
                0x00000446      0x1be ./DIO_prg.o
                0x00000446                DIO_enuSetPinDirection
 .text.DIO_enuTogglePin
                0x00000604       0xe8 ./DIO_prg.o
                0x00000604                DIO_enuTogglePin
 .text.DIO_enuPullUp
                0x000006ec       0x1c ./DIO_prg.o
                0x000006ec                DIO_enuPullUp
 .text.DIO_enuGetPortX
                0x00000708       0xa0 ./DIO_prg.o
                0x00000708                DIO_enuGetPortX
 .text.DIO_enuSetPortX
                0x000007a8       0x8e ./DIO_prg.o
                0x000007a8                DIO_enuSetPortX
 .text.DIO_enuGetPortY
                0x00000836       0xa0 ./DIO_prg.o
                0x00000836                DIO_enuGetPortY
 .text.DIO_enuSetPortY
                0x000008d6       0x8e ./DIO_prg.o
                0x000008d6                DIO_enuSetPortY
 .text.DIO_enuGetPortZ
                0x00000964       0xa8 ./DIO_prg.o
                0x00000964                DIO_enuGetPortZ
 .text.DIO_enuSetPortZ
                0x00000a0c       0x8e ./DIO_prg.o
                0x00000a0c                DIO_enuSetPortZ
 .text.Set_Port_Direction
                0x00000a9a       0x92 ./DIO_prg.o
                0x00000a9a                Set_Port_Direction
 .text.Set_Port_Value
                0x00000b2c       0x82 ./DIO_prg.o
                0x00000b2c                Set_Port_Value
 .text.stub     0x00000bae        0xe ./TIMER0_prog.o
                0x00000bae                stub
 .text.TIMER0_enuInit
                0x00000bbc       0xa6 ./TIMER0_prog.o
                0x00000bbc                TIMER0_enuInit
 .text.TIMER0_enuSetCallback_Ovf
                0x00000c62       0x38 ./TIMER0_prog.o
                0x00000c62                TIMER0_enuSetCallback_Ovf
 .text.TIMER0_enuSetCallback_CTC
                0x00000c9a       0x38 ./TIMER0_prog.o
                0x00000c9a                TIMER0_enuSetCallback_CTC
 .text.__vector_11
                0x00000cd2       0x96 ./TIMER0_prog.o
                0x00000cd2                __vector_11
 .text.__vector_10
                0x00000d68       0x8c ./TIMER0_prog.o
                0x00000d68                __vector_10
 .text.TIMER0_enuChangePwmDutyCycle
                0x00000df4       0x1e ./TIMER0_prog.o
                0x00000df4                TIMER0_enuChangePwmDutyCycle
 .text.main     0x00000e12       0x2e ./main.o
                0x00000e12                main
 .text.libgcc   0x00000e40        0x0 f:/courses/embedded iti/tools/imt_environment/imt_sdk_win_64/imt_sdk_win_64/winavr/bin/../lib/gcc/avr/4.3.3/avr5\libgcc.a(_exit.o)
 .text.libgcc   0x00000e40        0x0 f:/courses/embedded iti/tools/imt_environment/imt_sdk_win_64/imt_sdk_win_64/winavr/bin/../lib/gcc/avr/4.3.3/avr5\libgcc.a(_copy_data.o)
 .text.libgcc   0x00000e40        0x0 f:/courses/embedded iti/tools/imt_environment/imt_sdk_win_64/imt_sdk_win_64/winavr/bin/../lib/gcc/avr/4.3.3/avr5\libgcc.a(_clear_bss.o)
                0x00000e40                . = ALIGN (0x2)
 *(.fini9)
 .fini9         0x00000e40        0x0 f:/courses/embedded iti/tools/imt_environment/imt_sdk_win_64/imt_sdk_win_64/winavr/bin/../lib/gcc/avr/4.3.3/avr5\libgcc.a(_exit.o)
                0x00000e40                exit
                0x00000e40                _exit
 *(.fini9)
 *(.fini8)
 *(.fini8)
 *(.fini7)
 *(.fini7)
 *(.fini6)
 *(.fini6)
 *(.fini5)
 *(.fini5)
 *(.fini4)
 *(.fini4)
 *(.fini3)
 *(.fini3)
 *(.fini2)
 *(.fini2)
 *(.fini1)
 *(.fini1)
 *(.fini0)
 .fini0         0x00000e40        0x4 f:/courses/embedded iti/tools/imt_environment/imt_sdk_win_64/imt_sdk_win_64/winavr/bin/../lib/gcc/avr/4.3.3/avr5\libgcc.a(_exit.o)
 *(.fini0)
                0x00000e44                _etext = .

.data           0x00800060       0x18 load address 0x00000e44
                0x00800060                PROVIDE (__data_start, .)
 *(.data)
 .data          0x00800060        0x0 f:/courses/embedded iti/tools/imt_environment/imt_sdk_win_64/imt_sdk_win_64/winavr/bin/../lib/gcc/avr/4.3.3/../../../../avr/lib/avr5/crtm32.o
 .data          0x00800060        0x0 ./ADC_prog.o
 .data          0x00800060        0x0 ./DIO_prg.o
 .data          0x00800060        0x0 ./TIMER0_prog.o
 .data          0x00800060        0x0 ./main.o
 .data          0x00800060        0x0 f:/courses/embedded iti/tools/imt_environment/imt_sdk_win_64/imt_sdk_win_64/winavr/bin/../lib/gcc/avr/4.3.3/avr5\libgcc.a(_exit.o)
 .data          0x00800060        0x0 f:/courses/embedded iti/tools/imt_environment/imt_sdk_win_64/imt_sdk_win_64/winavr/bin/../lib/gcc/avr/4.3.3/avr5\libgcc.a(_copy_data.o)
 .data          0x00800060        0x0 f:/courses/embedded iti/tools/imt_environment/imt_sdk_win_64/imt_sdk_win_64/winavr/bin/../lib/gcc/avr/4.3.3/avr5\libgcc.a(_clear_bss.o)
 *(.data*)
 .data.DIO_arrPortX
                0x00800060        0x8 ./DIO_prg.o
 .data.DIO_arrPortY
                0x00800068        0x8 ./DIO_prg.o
 .data.DIO_arrPortZ
                0x00800070        0x8 ./DIO_prg.o
 *(.rodata)
 *(.rodata*)
 *(.gnu.linkonce.d*)
                0x00800078                . = ALIGN (0x2)
                0x00800078                _edata = .
                0x00800078                PROVIDE (__data_end, .)

.bss            0x00800078       0x19
                0x00800078                PROVIDE (__bss_start, .)
 *(.bss)
 .bss           0x00800078        0x0 f:/courses/embedded iti/tools/imt_environment/imt_sdk_win_64/imt_sdk_win_64/winavr/bin/../lib/gcc/avr/4.3.3/../../../../avr/lib/avr5/crtm32.o
 .bss           0x00800078        0x0 ./ADC_prog.o
 .bss           0x00800078        0x0 ./DIO_prg.o
 .bss           0x00800078        0x0 ./TIMER0_prog.o
 .bss           0x00800078        0x0 ./main.o
 .bss           0x00800078        0x0 f:/courses/embedded iti/tools/imt_environment/imt_sdk_win_64/imt_sdk_win_64/winavr/bin/../lib/gcc/avr/4.3.3/avr5\libgcc.a(_exit.o)
 .bss           0x00800078        0x0 f:/courses/embedded iti/tools/imt_environment/imt_sdk_win_64/imt_sdk_win_64/winavr/bin/../lib/gcc/avr/4.3.3/avr5\libgcc.a(_copy_data.o)
 .bss           0x00800078        0x0 f:/courses/embedded iti/tools/imt_environment/imt_sdk_win_64/imt_sdk_win_64/winavr/bin/../lib/gcc/avr/4.3.3/avr5\libgcc.a(_clear_bss.o)
 *(.bss*)
 .bss.Loc_u16Counter.1514
                0x00800078        0x2 ./TIMER0_prog.o
 .bss.Loc_u16CompareCounter.1530
                0x0080007a        0x2 ./TIMER0_prog.o
 .bss.u16NbOVF  0x0080007c        0x2 ./TIMER0_prog.o
 .bss.u16NbCompareMatch
                0x0080007e        0x2 ./TIMER0_prog.o
 .bss.u8Preload
                0x00800080        0x1 ./TIMER0_prog.o
 .bss.CallBack  0x00800081       0x10 ./TIMER0_prog.o
 *(COMMON)
                0x00800091                PROVIDE (__bss_end, .)
                0x00000e44                __data_load_start = LOADADDR (.data)
                0x00000e5c                __data_load_end = (__data_load_start + SIZEOF (.data))

.noinit         0x00800091        0x0
                0x00800091                PROVIDE (__noinit_start, .)
 *(.noinit*)
                0x00800091                PROVIDE (__noinit_end, .)
                0x00800091                _end = .
                0x00800091                PROVIDE (__heap_start, .)

.eeprom         0x00810000        0x0
 *(.eeprom*)
                0x00810000                __eeprom_end = .

.fuse
 *(.fuse)
 *(.lfuse)
 *(.hfuse)
 *(.efuse)

.lock
 *(.lock*)

.signature
 *(.signature*)

.stab           0x00000000     0x22f8
 *(.stab)
 .stab          0x00000000      0x7bc ./ADC_prog.o
 .stab          0x000007bc     0x12d8 ./DIO_prg.o
                               0x12e4 (size before relaxing)
 .stab          0x00001a94      0x714 ./TIMER0_prog.o
                                0xd14 (size before relaxing)
 .stab          0x000021a8      0x150 ./main.o
                                0x750 (size before relaxing)

.stabstr        0x00000000     0x2173
 *(.stabstr)
 .stabstr       0x00000000     0x2173 ./ADC_prog.o

.stab.excl
 *(.stab.excl)

.stab.exclstr
 *(.stab.exclstr)

.stab.index
 *(.stab.index)

.stab.indexstr
 *(.stab.indexstr)

.comment
 *(.comment)

.debug
 *(.debug)

.line
 *(.line)

.debug_srcinfo
 *(.debug_srcinfo)

.debug_sfnames
 *(.debug_sfnames)

.debug_aranges
 *(.debug_aranges)

.debug_pubnames
 *(.debug_pubnames)

.debug_info
 *(.debug_info)
 *(.gnu.linkonce.wi.*)

.debug_abbrev
 *(.debug_abbrev)

.debug_line
 *(.debug_line)

.debug_frame
 *(.debug_frame)

.debug_str
 *(.debug_str)

.debug_loc
 *(.debug_loc)

.debug_macinfo
 *(.debug_macinfo)
OUTPUT(LDR.elf elf32-avr)
LOAD linker stubs
