Archive member included because of file (symbol)

f:/courses/embedded iti/tools/imt_environment/imt_sdk_win_64/imt_sdk_win_64/winavr/bin/../lib/gcc/avr/4.3.3/avr5\libgcc.a(_exit.o)
                              f:/courses/embedded iti/tools/imt_environment/imt_sdk_win_64/imt_sdk_win_64/winavr/bin/../lib/gcc/avr/4.3.3/../../../../avr/lib/avr5/crtm32.o (exit)
f:/courses/embedded iti/tools/imt_environment/imt_sdk_win_64/imt_sdk_win_64/winavr/bin/../lib/gcc/avr/4.3.3/avr5\libgcc.a(_copy_data.o)
                              ./DIO_prg.o (__do_copy_data)
f:/courses/embedded iti/tools/imt_environment/imt_sdk_win_64/imt_sdk_win_64/winavr/bin/../lib/gcc/avr/4.3.3/avr5\libgcc.a(_clear_bss.o)
                              ./EXT0_prog.o (__do_clear_bss)

Memory Configuration

Name             Origin             Length             Attributes
text             0x00000000         0x00020000         xr
data             0x00800060         0x0000ffa0         rw !x
eeprom           0x00810000         0x00010000         rw !x
fuse             0x00820000         0x00000400         rw !x
lock             0x00830000         0x00000400         rw !x
signature        0x00840000         0x00000400         rw !x
*default*        0x00000000         0xffffffff

Linker script and memory map

LOAD f:/courses/embedded iti/tools/imt_environment/imt_sdk_win_64/imt_sdk_win_64/winavr/bin/../lib/gcc/avr/4.3.3/../../../../avr/lib/avr5/crtm32.o
LOAD ./DIO_prg.o
LOAD ./EXT0_prog.o
LOAD ./EXT1_prog.o
LOAD ./EXT2_prog.o
LOAD ./GIE_prog.o
LOAD ./INTmain.o
LOAD f:/courses/embedded iti/tools/imt_environment/imt_sdk_win_64/imt_sdk_win_64/winavr/bin/../lib/gcc/avr/4.3.3/avr5\libgcc.a
LOAD f:/courses/embedded iti/tools/imt_environment/imt_sdk_win_64/imt_sdk_win_64/winavr/bin/../lib/gcc/avr/4.3.3/../../../../avr/lib/avr5\libc.a
LOAD f:/courses/embedded iti/tools/imt_environment/imt_sdk_win_64/imt_sdk_win_64/winavr/bin/../lib/gcc/avr/4.3.3/avr5\libgcc.a

.hash
 *(.hash)

.dynsym
 *(.dynsym)

.dynstr
 *(.dynstr)

.gnu.version
 *(.gnu.version)

.gnu.version_d
 *(.gnu.version_d)

.gnu.version_r
 *(.gnu.version_r)

.rel.init
 *(.rel.init)

.rela.init
 *(.rela.init)

.rel.text
 *(.rel.text)
 *(.rel.text.*)
 *(.rel.gnu.linkonce.t*)

.rela.text
 *(.rela.text)
 *(.rela.text.*)
 *(.rela.gnu.linkonce.t*)

.rel.fini
 *(.rel.fini)

.rela.fini
 *(.rela.fini)

.rel.rodata
 *(.rel.rodata)
 *(.rel.rodata.*)
 *(.rel.gnu.linkonce.r*)

.rela.rodata
 *(.rela.rodata)
 *(.rela.rodata.*)
 *(.rela.gnu.linkonce.r*)

.rel.data
 *(.rel.data)
 *(.rel.data.*)
 *(.rel.gnu.linkonce.d*)

.rela.data
 *(.rela.data)
 *(.rela.data.*)
 *(.rela.gnu.linkonce.d*)

.rel.ctors
 *(.rel.ctors)

.rela.ctors
 *(.rela.ctors)

.rel.dtors
 *(.rel.dtors)

.rela.dtors
 *(.rela.dtors)

.rel.got
 *(.rel.got)

.rela.got
 *(.rela.got)

.rel.bss
 *(.rel.bss)

.rela.bss
 *(.rela.bss)

.rel.plt
 *(.rel.plt)

.rela.plt
 *(.rela.plt)

.text           0x00000000     0x110e
 *(.vectors)
 .vectors       0x00000000       0x54 f:/courses/embedded iti/tools/imt_environment/imt_sdk_win_64/imt_sdk_win_64/winavr/bin/../lib/gcc/avr/4.3.3/../../../../avr/lib/avr5/crtm32.o
                0x00000000                __vectors
                0x00000000                __vector_default
 *(.vectors)
 *(.progmem.gcc*)
 *(.progmem*)
                0x00000054                . = ALIGN (0x2)
                0x00000054                __trampolines_start = .
 *(.trampolines)
 .trampolines   0x00000054        0x0 linker stubs
 *(.trampolines*)
                0x00000054                __trampolines_end = .
 *(.jumptables)
 *(.jumptables*)
 *(.lowtext)
 *(.lowtext*)
                0x00000054                __ctors_start = .
 *(.ctors)
                0x00000054                __ctors_end = .
                0x00000054                __dtors_start = .
 *(.dtors)
                0x00000054                __dtors_end = .
 SORT(*)(.ctors)
 SORT(*)(.dtors)
 *(.init0)
 .init0         0x00000054        0x0 f:/courses/embedded iti/tools/imt_environment/imt_sdk_win_64/imt_sdk_win_64/winavr/bin/../lib/gcc/avr/4.3.3/../../../../avr/lib/avr5/crtm32.o
                0x00000054                __init
 *(.init0)
 *(.init1)
 *(.init1)
 *(.init2)
 .init2         0x00000054        0xc f:/courses/embedded iti/tools/imt_environment/imt_sdk_win_64/imt_sdk_win_64/winavr/bin/../lib/gcc/avr/4.3.3/../../../../avr/lib/avr5/crtm32.o
 *(.init2)
 *(.init3)
 *(.init3)
 *(.init4)
 .init4         0x00000060       0x16 f:/courses/embedded iti/tools/imt_environment/imt_sdk_win_64/imt_sdk_win_64/winavr/bin/../lib/gcc/avr/4.3.3/avr5\libgcc.a(_copy_data.o)
                0x00000060                __do_copy_data
 .init4         0x00000076       0x10 f:/courses/embedded iti/tools/imt_environment/imt_sdk_win_64/imt_sdk_win_64/winavr/bin/../lib/gcc/avr/4.3.3/avr5\libgcc.a(_clear_bss.o)
                0x00000076                __do_clear_bss
 *(.init4)
 *(.init5)
 *(.init5)
 *(.init6)
 *(.init6)
 *(.init7)
 *(.init7)
 *(.init8)
 *(.init8)
 *(.init9)
 .init9         0x00000086        0x8 f:/courses/embedded iti/tools/imt_environment/imt_sdk_win_64/imt_sdk_win_64/winavr/bin/../lib/gcc/avr/4.3.3/../../../../avr/lib/avr5/crtm32.o
 *(.init9)
 *(.text)
 .text          0x0000008e        0x4 f:/courses/embedded iti/tools/imt_environment/imt_sdk_win_64/imt_sdk_win_64/winavr/bin/../lib/gcc/avr/4.3.3/../../../../avr/lib/avr5/crtm32.o
                0x0000008e                __vector_12
                0x0000008e                __bad_interrupt
                0x0000008e                __vector_6
                0x0000008e                __vector_11
                0x0000008e                __vector_13
                0x0000008e                __vector_17
                0x0000008e                __vector_19
                0x0000008e                __vector_7
                0x0000008e                __vector_5
                0x0000008e                __vector_4
                0x0000008e                __vector_9
                0x0000008e                __vector_15
                0x0000008e                __vector_8
                0x0000008e                __vector_14
                0x0000008e                __vector_10
                0x0000008e                __vector_16
                0x0000008e                __vector_18
                0x0000008e                __vector_20
 .text          0x00000092        0x0 ./DIO_prg.o
 .text          0x00000092        0x0 ./EXT0_prog.o
 .text          0x00000092        0x0 ./EXT1_prog.o
 .text          0x00000092        0x0 ./EXT2_prog.o
 .text          0x00000092        0x0 ./GIE_prog.o
 .text          0x00000092        0x0 ./INTmain.o
 .text          0x00000092        0x0 f:/courses/embedded iti/tools/imt_environment/imt_sdk_win_64/imt_sdk_win_64/winavr/bin/../lib/gcc/avr/4.3.3/avr5\libgcc.a(_exit.o)
 .text          0x00000092        0x0 f:/courses/embedded iti/tools/imt_environment/imt_sdk_win_64/imt_sdk_win_64/winavr/bin/../lib/gcc/avr/4.3.3/avr5\libgcc.a(_copy_data.o)
 .text          0x00000092        0x0 f:/courses/embedded iti/tools/imt_environment/imt_sdk_win_64/imt_sdk_win_64/winavr/bin/../lib/gcc/avr/4.3.3/avr5\libgcc.a(_clear_bss.o)
                0x00000092                . = ALIGN (0x2)
 *(.text.*)
 .text.DIO_enuInt
                0x00000092       0x32 ./DIO_prg.o
                0x00000092                DIO_enuInt
 .text.DIO_enuSetPinValue
                0x000000c4      0x1c0 ./DIO_prg.o
                0x000000c4                DIO_enuSetPinValue
 .text.DIO_enuGetPinValue
                0x00000284       0xfe ./DIO_prg.o
                0x00000284                DIO_enuGetPinValue
 .text.DIO_enuSetPinDirection
                0x00000382      0x1be ./DIO_prg.o
                0x00000382                DIO_enuSetPinDirection
 .text.DIO_enuTogglePin
                0x00000540       0xe8 ./DIO_prg.o
                0x00000540                DIO_enuTogglePin
 .text.DIO_enuPullUp
                0x00000628       0x1c ./DIO_prg.o
                0x00000628                DIO_enuPullUp
 .text.DIO_enuGetPortX
                0x00000644       0xa0 ./DIO_prg.o
                0x00000644                DIO_enuGetPortX
 .text.DIO_enuSetPortX
                0x000006e4       0x8e ./DIO_prg.o
                0x000006e4                DIO_enuSetPortX
 .text.DIO_enuGetPortY
                0x00000772       0xa0 ./DIO_prg.o
                0x00000772                DIO_enuGetPortY
 .text.DIO_enuSetPortY
                0x00000812       0x8e ./DIO_prg.o
                0x00000812                DIO_enuSetPortY
 .text.DIO_enuGetPortZ
                0x000008a0       0xa8 ./DIO_prg.o
                0x000008a0                DIO_enuGetPortZ
 .text.DIO_enuSetPortZ
                0x00000948       0x8e ./DIO_prg.o
                0x00000948                DIO_enuSetPortZ
 .text.Set_Port_Direction
                0x000009d6       0x92 ./DIO_prg.o
                0x000009d6                Set_Port_Direction
 .text.Set_Port_Value
                0x00000a68       0x82 ./DIO_prg.o
                0x00000a68                Set_Port_Value
 .text.__vector_1
                0x00000aea       0x5a ./EXT0_prog.o
                0x00000aea                __vector_1
 .text.start    0x00000b44        0xe ./EXT0_prog.o
 .text.EXT0_vidInit
                0x00000b52       0x52 ./EXT0_prog.o
                0x00000b52                EXT0_vidInit
 .text.EXT0_vidEnable
                0x00000ba4       0x1c ./EXT0_prog.o
                0x00000ba4                EXT0_vidEnable
 .text.EXT0_vidDisable
                0x00000bc0       0x1c ./EXT0_prog.o
                0x00000bc0                EXT0_vidDisable
 .text.EXT0_vidSetCallBack
                0x00000bdc       0x24 ./EXT0_prog.o
                0x00000bdc                EXT0_vidSetCallBack
 .text.EXT0_vidChangeMode
                0x00000c00       0x86 ./EXT0_prog.o
                0x00000c00                EXT0_vidChangeMode
 .text.EXT0_u8GetFlag
                0x00000c86       0x1e ./EXT0_prog.o
                0x00000c86                EXT0_u8GetFlag
 .text.__vector_2
                0x00000ca4       0x5a ./EXT1_prog.o
                0x00000ca4                __vector_2
 .text.start    0x00000cfe        0xe ./EXT1_prog.o
 .text.EXT1_vidInit
                0x00000d0c       0x52 ./EXT1_prog.o
                0x00000d0c                EXT1_vidInit
 .text.EXT1_vidEnable
                0x00000d5e       0x1c ./EXT1_prog.o
                0x00000d5e                EXT1_vidEnable
 .text.EXT1_vidDisable
                0x00000d7a       0x1c ./EXT1_prog.o
                0x00000d7a                EXT1_vidDisable
 .text.EXT1_vidSetCallBack
                0x00000d96       0x24 ./EXT1_prog.o
                0x00000d96                EXT1_vidSetCallBack
 .text.EXT1_vidChangeMode
                0x00000dba       0x86 ./EXT1_prog.o
                0x00000dba                EXT1_vidChangeMode
 .text.EXT1_u8GetFlag
                0x00000e40       0x1a ./EXT1_prog.o
                0x00000e40                EXT1_u8GetFlag
 .text.__vector_3
                0x00000e5a       0x5a ./EXT2_prog.o
                0x00000e5a                __vector_3
 .text.start    0x00000eb4        0xe ./EXT2_prog.o
 .text.EXT2_vidInit
                0x00000ec2       0x44 ./EXT2_prog.o
                0x00000ec2                EXT2_vidInit
 .text.EXT2_vidEnable
                0x00000f06       0x1c ./EXT2_prog.o
                0x00000f06                EXT2_vidEnable
 .text.EXT2_vidDisable
                0x00000f22       0x1c ./EXT2_prog.o
                0x00000f22                EXT2_vidDisable
 .text.EXT2_vidSetCallBack
                0x00000f3e       0x24 ./EXT2_prog.o
                0x00000f3e                EXT2_vidSetCallBack
 .text.EXT2_vidChangeMode
                0x00000f62       0x3e ./EXT2_prog.o
                0x00000f62                EXT2_vidChangeMode
 .text.EXT2_u8GetFlag
                0x00000fa0       0x1c ./EXT2_prog.o
                0x00000fa0                EXT2_u8GetFlag
 .text.GIE_vidEnable
                0x00000fbc       0x1c ./GIE_prog.o
                0x00000fbc                GIE_vidEnable
 .text.GIE_vidDisable
                0x00000fd8       0x1c ./GIE_prog.o
                0x00000fd8                GIE_vidDisable
 .text.main     0x00000ff4       0x68 ./INTmain.o
                0x00000ff4                main
 .text.ext0     0x0000105c       0x3a ./INTmain.o
                0x0000105c                ext0
 .text.ext1     0x00001096       0x3a ./INTmain.o
                0x00001096                ext1
 .text.ext2     0x000010d0       0x3a ./INTmain.o
                0x000010d0                ext2
 .text.libgcc   0x0000110a        0x0 f:/courses/embedded iti/tools/imt_environment/imt_sdk_win_64/imt_sdk_win_64/winavr/bin/../lib/gcc/avr/4.3.3/avr5\libgcc.a(_exit.o)
 .text.libgcc   0x0000110a        0x0 f:/courses/embedded iti/tools/imt_environment/imt_sdk_win_64/imt_sdk_win_64/winavr/bin/../lib/gcc/avr/4.3.3/avr5\libgcc.a(_copy_data.o)
 .text.libgcc   0x0000110a        0x0 f:/courses/embedded iti/tools/imt_environment/imt_sdk_win_64/imt_sdk_win_64/winavr/bin/../lib/gcc/avr/4.3.3/avr5\libgcc.a(_clear_bss.o)
                0x0000110a                . = ALIGN (0x2)
 *(.fini9)
 .fini9         0x0000110a        0x0 f:/courses/embedded iti/tools/imt_environment/imt_sdk_win_64/imt_sdk_win_64/winavr/bin/../lib/gcc/avr/4.3.3/avr5\libgcc.a(_exit.o)
                0x0000110a                exit
                0x0000110a                _exit
 *(.fini9)
 *(.fini8)
 *(.fini8)
 *(.fini7)
 *(.fini7)
 *(.fini6)
 *(.fini6)
 *(.fini5)
 *(.fini5)
 *(.fini4)
 *(.fini4)
 *(.fini3)
 *(.fini3)
 *(.fini2)
 *(.fini2)
 *(.fini1)
 *(.fini1)
 *(.fini0)
 .fini0         0x0000110a        0x4 f:/courses/embedded iti/tools/imt_environment/imt_sdk_win_64/imt_sdk_win_64/winavr/bin/../lib/gcc/avr/4.3.3/avr5\libgcc.a(_exit.o)
 *(.fini0)
                0x0000110e                _etext = .

.data           0x00800060       0x18 load address 0x0000110e
                0x00800060                PROVIDE (__data_start, .)
 *(.data)
 .data          0x00800060        0x0 f:/courses/embedded iti/tools/imt_environment/imt_sdk_win_64/imt_sdk_win_64/winavr/bin/../lib/gcc/avr/4.3.3/../../../../avr/lib/avr5/crtm32.o
 .data          0x00800060        0x0 ./DIO_prg.o
 .data          0x00800060        0x0 ./EXT0_prog.o
 .data          0x00800060        0x0 ./EXT1_prog.o
 .data          0x00800060        0x0 ./EXT2_prog.o
 .data          0x00800060        0x0 ./GIE_prog.o
 .data          0x00800060        0x0 ./INTmain.o
 .data          0x00800060        0x0 f:/courses/embedded iti/tools/imt_environment/imt_sdk_win_64/imt_sdk_win_64/winavr/bin/../lib/gcc/avr/4.3.3/avr5\libgcc.a(_exit.o)
 .data          0x00800060        0x0 f:/courses/embedded iti/tools/imt_environment/imt_sdk_win_64/imt_sdk_win_64/winavr/bin/../lib/gcc/avr/4.3.3/avr5\libgcc.a(_copy_data.o)
 .data          0x00800060        0x0 f:/courses/embedded iti/tools/imt_environment/imt_sdk_win_64/imt_sdk_win_64/winavr/bin/../lib/gcc/avr/4.3.3/avr5\libgcc.a(_clear_bss.o)
 *(.data*)
 .data.DIO_arrPortX
                0x00800060        0x8 ./DIO_prg.o
 .data.DIO_arrPortY
                0x00800068        0x8 ./DIO_prg.o
 .data.DIO_arrPortZ
                0x00800070        0x8 ./DIO_prg.o
 *(.rodata)
 *(.rodata*)
 *(.gnu.linkonce.d*)
                0x00800078                . = ALIGN (0x2)
                0x00800078                _edata = .
                0x00800078                PROVIDE (__data_end, .)

.bss            0x00800078        0x7
                0x00800078                PROVIDE (__bss_start, .)
 *(.bss)
 .bss           0x00800078        0x0 f:/courses/embedded iti/tools/imt_environment/imt_sdk_win_64/imt_sdk_win_64/winavr/bin/../lib/gcc/avr/4.3.3/../../../../avr/lib/avr5/crtm32.o
 .bss           0x00800078        0x0 ./DIO_prg.o
 .bss           0x00800078        0x0 ./EXT0_prog.o
 .bss           0x00800078        0x0 ./EXT1_prog.o
 .bss           0x00800078        0x0 ./EXT2_prog.o
 .bss           0x00800078        0x0 ./GIE_prog.o
 .bss           0x00800078        0x0 ./INTmain.o
 .bss           0x00800078        0x0 f:/courses/embedded iti/tools/imt_environment/imt_sdk_win_64/imt_sdk_win_64/winavr/bin/../lib/gcc/avr/4.3.3/avr5\libgcc.a(_exit.o)
 .bss           0x00800078        0x0 f:/courses/embedded iti/tools/imt_environment/imt_sdk_win_64/imt_sdk_win_64/winavr/bin/../lib/gcc/avr/4.3.3/avr5\libgcc.a(_copy_data.o)
 .bss           0x00800078        0x0 f:/courses/embedded iti/tools/imt_environment/imt_sdk_win_64/imt_sdk_win_64/winavr/bin/../lib/gcc/avr/4.3.3/avr5\libgcc.a(_clear_bss.o)
 *(.bss*)
 .bss.EXT0_pfCallBack
                0x00800078        0x2 ./EXT0_prog.o
 .bss.EXT1_pfCallBack
                0x0080007a        0x2 ./EXT1_prog.o
 .bss.EXT2_pfCallBack
                0x0080007c        0x2 ./EXT2_prog.o
 .bss.u8iteration
                0x0080007e        0x1 ./INTmain.o
 *(COMMON)
                0x0080007f                PROVIDE (__bss_end, .)
                0x0000110e                __data_load_start = LOADADDR (.data)
                0x00001126                __data_load_end = (__data_load_start + SIZEOF (.data))

.noinit         0x0080007f        0x0
                0x0080007f                PROVIDE (__noinit_start, .)
 *(.noinit*)
                0x0080007f                PROVIDE (__noinit_end, .)
                0x0080007f                _end = .
                0x0080007f                PROVIDE (__heap_start, .)

.eeprom         0x00810000        0x0
 *(.eeprom*)
                0x00810000                __eeprom_end = .

.fuse
 *(.fuse)
 *(.lfuse)
 *(.hfuse)
 *(.efuse)

.lock
 *(.lock*)

.signature
 *(.signature*)

.stab           0x00000000     0x2730
 *(.stab)
 .stab          0x00000000     0x12e4 ./DIO_prg.o
 .stab          0x000012e4      0x90c ./EXT0_prog.o
                                0x918 (size before relaxing)
 .stab          0x00001bf0      0x318 ./EXT1_prog.o
                                0x918 (size before relaxing)
 .stab          0x00001f08      0x2c4 ./EXT2_prog.o
                                0x8c4 (size before relaxing)
 .stab          0x000021cc      0x144 ./GIE_prog.o
                                0x744 (size before relaxing)
 .stab          0x00002310      0x420 ./INTmain.o
                                0xa20 (size before relaxing)

.stabstr        0x00000000     0x2080
 *(.stabstr)
 .stabstr       0x00000000     0x2080 ./DIO_prg.o

.stab.excl
 *(.stab.excl)

.stab.exclstr
 *(.stab.exclstr)

.stab.index
 *(.stab.index)

.stab.indexstr
 *(.stab.indexstr)

.comment
 *(.comment)

.debug
 *(.debug)

.line
 *(.line)

.debug_srcinfo
 *(.debug_srcinfo)

.debug_sfnames
 *(.debug_sfnames)

.debug_aranges
 *(.debug_aranges)

.debug_pubnames
 *(.debug_pubnames)

.debug_info
 *(.debug_info)
 *(.gnu.linkonce.wi.*)

.debug_abbrev
 *(.debug_abbrev)

.debug_line
 *(.debug_line)

.debug_frame
 *(.debug_frame)

.debug_str
 *(.debug_str)

.debug_loc
 *(.debug_loc)

.debug_macinfo
 *(.debug_macinfo)
OUTPUT(External_Interrupt_Test.elf elf32-avr)
LOAD linker stubs
